test_calculate_dcf_breakdown_detail (tests.unit.ui.stage4_ui_test.TestStage4IntegrationPanel.test_calculate_dcf_breakdown_detail)
Test DCF breakdown with detailed component inputs ... ok
test_excel_import_batch (tests.unit.ui.stage4_ui_test.TestStage4IntegrationPanel.test_excel_import_batch)
Test Excel import with multiple rows (Batch mode) ... ok
test_excel_import_single_row (tests.unit.ui.stage4_ui_test.TestStage4IntegrationPanel.test_excel_import_single_row)
Test Excel import with single row ... ok
test_initialization (tests.unit.ui.stage4_ui_test.TestStage4IntegrationPanel.test_initialization)
Test component initialization ... ok
test_pdf_generation (tests.unit.ui.stage4_ui_test.TestStage4IntegrationPanel.test_pdf_generation)
Test PDF generation logic ... ok
test_sensitivity_analysis (tests.unit.ui.stage4_ui_test.TestStage4IntegrationPanel.test_sensitivity_analysis)
Test sensitivity analysis logic ... ok
test_waterfall_chart (tests.unit.ui.stage4_ui_test.TestStage4IntegrationPanel.test_waterfall_chart)
Test waterfall chart rendering ... ok

----------------------------------------------------------------------
Ran 7 tests in 0.661s

OK
